{
    "Should output variants as MD5": {
        "content": [
            "f8f5e1b775271b587f4dd368d1858d0e"
        ],
        "meta": {
            "nf-test": "0.8.4",
            "nextflow": "24.04.2"
        },
        "timestamp": "2024-07-12T17:17:14.44526"
    },
    "Should output header": {
        "content": [
            8
        ],
        "meta": {
            "nf-test": "0.8.4",
            "nextflow": "24.04.2"
        },
        "timestamp": "2024-07-12T17:16:52.079568"
    },
    "Should output summary": {
        "content": [
            "VcfFile [chromosomes=[1], sampleCount=0, variantCount=8285, phased=true, phasedAutodetect=true]"
        ],
        "meta": {
            "nf-test": "0.8.4",
            "nextflow": "24.04.2"
        },
        "timestamp": "2024-07-12T17:16:44.269596"
    }
}